// Jest Snapshot v1, https://goo.gl/fbAQLP

exports[`<signUp/> renders correctly 1`] = `
<form
  className="SignUp"
  onSubmit={[Function]}
>
  <label>
    email
  </label>
  <input
    autoComplete="email"
    id="email"
    name="email"
    onChange={[Function]}
    type="text"
  />
  <label>
    password
  </label>
  <input
    id="password"
    name="password"
    onChange={[Function]}
    type="password"
  />
  <label>
    confirm password
  </label>
  <input
    id="passwordConfirm"
    name="passwordConfirm"
    onChange={[Function]}
    type="password"
  />
  <button>
    Sign Up
  </button>
</form>
`;
