// Jest Snapshot v1, https://goo.gl/fbAQLP

exports[`<signIn/> renders correctly 1`] = `
<form
  className="SignIn"
  onSubmit={[Function]}
>
  <label>
    email
  </label>
  <input
    id="email"
    name="email"
    onChange={[Function]}
    type="text"
  />
  <label>
    password
  </label>
  <input
    id="password"
    name="password"
    onChange={[Function]}
    type="text"
  />
  <button>
    Sign In
  </button>
</form>
`;
